{
  "generated_at": "2025-07-08T11:44:55.884894",
  "total_collections": 0,
  "collections": {},
  "summary": {
    "total_papers": 0,
    "collections_by_size": [],
    "key_collections": {}
  }
}